Archive member included to satisfy reference by file (symbol)

c:/program files (x86)/atmel/studio/7.0/toolchain/avr8/avr8-gnu-toolchain/bin/../lib/gcc/avr/5.4.0/avr51\libgcc.a(_udivmodhi4.o)
                              driver/Motor/Motor.o (__udivmodhi4)
c:/program files (x86)/atmel/studio/7.0/toolchain/avr8/avr8-gnu-toolchain/bin/../lib/gcc/avr/5.4.0/avr51\libgcc.a(_divmodhi4.o)
                              driver/FND/fnd.o (__divmodhi4)
c:/program files (x86)/atmel/studio/7.0/toolchain/avr8/avr8-gnu-toolchain/bin/../lib/gcc/avr/5.4.0/avr51\libgcc.a(_divmodsi4.o)
                              driver/Buzzer/Buzzer.o (__divmodsi4)
c:/program files (x86)/atmel/studio/7.0/toolchain/avr8/avr8-gnu-toolchain/bin/../lib/gcc/avr/5.4.0/avr51\libgcc.a(_negsi2.o)
                              c:/program files (x86)/atmel/studio/7.0/toolchain/avr8/avr8-gnu-toolchain/bin/../lib/gcc/avr/5.4.0/avr51\libgcc.a(_divmodsi4.o) (__negsi2)
c:/program files (x86)/atmel/studio/7.0/toolchain/avr8/avr8-gnu-toolchain/bin/../lib/gcc/avr/5.4.0/avr51\libgcc.a(_exit.o)
                              C:/Program Files (x86)/Atmel/Studio/7.0/Packs/atmel/ATmega_DFP/1.7.374/gcc/dev/atmega128a/avr51/crtatmega128a.o (exit)
c:/program files (x86)/atmel/studio/7.0/toolchain/avr8/avr8-gnu-toolchain/bin/../lib/gcc/avr/5.4.0/avr51\libgcc.a(_copy_data.o)
                              ap/apMain.o (__do_copy_data)
c:/program files (x86)/atmel/studio/7.0/toolchain/avr8/avr8-gnu-toolchain/bin/../lib/gcc/avr/5.4.0/avr51\libgcc.a(_clear_bss.o)
                              ap/Listener/Listener.o (__do_clear_bss)
c:/program files (x86)/atmel/studio/7.0/toolchain/avr8/avr8-gnu-toolchain/bin/../lib/gcc/avr/5.4.0/avr51\libgcc.a(_umulhisi3.o)
                              ap/Presenter/Presenter.o (__umulhisi3)
c:/program files (x86)/atmel/studio/7.0/toolchain/avr8/avr8-gnu-toolchain/bin/../lib/gcc/avr/5.4.0/avr51\libgcc.a(_udivmodsi4.o)
                              c:/program files (x86)/atmel/studio/7.0/toolchain/avr8/avr8-gnu-toolchain/bin/../lib/gcc/avr/5.4.0/avr51\libgcc.a(_divmodsi4.o) (__udivmodsi4)
c:/program files (x86)/atmel/studio/7.0/toolchain/avr8/avr8-gnu-toolchain/bin/../lib/gcc/avr/5.4.0/../../../../avr/lib/avr51\libc.a(strcmp.o)
                              ap/Service/Fan_UART0.o (strcmp)
c:/program files (x86)/atmel/studio/7.0/toolchain/avr8/avr8-gnu-toolchain/bin/../lib/gcc/avr/5.4.0/../../../../avr/lib/avr51\libc.a(iob.o)
                              ap/apMain.o (__iob)
c:/program files (x86)/atmel/studio/7.0/toolchain/avr8/avr8-gnu-toolchain/bin/../lib/gcc/avr/5.4.0/../../../../avr/lib/avr51\libc.a(puts.o)
                              ap/Service/Fan_UART0.o (puts)
c:/program files (x86)/atmel/studio/7.0/toolchain/avr8/avr8-gnu-toolchain/bin/../lib/gcc/avr/5.4.0/../../../../avr/lib/avr51\libc.a(sprintf.o)
                              ap/Presenter/Presenter.o (sprintf)
c:/program files (x86)/atmel/studio/7.0/toolchain/avr8/avr8-gnu-toolchain/bin/../lib/gcc/avr/5.4.0/../../../../avr/lib/avr51\libc.a(vfprintf_std.o)
                              c:/program files (x86)/atmel/studio/7.0/toolchain/avr8/avr8-gnu-toolchain/bin/../lib/gcc/avr/5.4.0/../../../../avr/lib/avr51\libc.a(sprintf.o) (vfprintf)
c:/program files (x86)/atmel/studio/7.0/toolchain/avr8/avr8-gnu-toolchain/bin/../lib/gcc/avr/5.4.0/../../../../avr/lib/avr51\libc.a(strnlen_P.o)
                              c:/program files (x86)/atmel/studio/7.0/toolchain/avr8/avr8-gnu-toolchain/bin/../lib/gcc/avr/5.4.0/../../../../avr/lib/avr51\libc.a(vfprintf_std.o) (strnlen_P)
c:/program files (x86)/atmel/studio/7.0/toolchain/avr8/avr8-gnu-toolchain/bin/../lib/gcc/avr/5.4.0/../../../../avr/lib/avr51\libc.a(strnlen.o)
                              c:/program files (x86)/atmel/studio/7.0/toolchain/avr8/avr8-gnu-toolchain/bin/../lib/gcc/avr/5.4.0/../../../../avr/lib/avr51\libc.a(vfprintf_std.o) (strnlen)
c:/program files (x86)/atmel/studio/7.0/toolchain/avr8/avr8-gnu-toolchain/bin/../lib/gcc/avr/5.4.0/../../../../avr/lib/avr51\libc.a(fputc.o)
                              c:/program files (x86)/atmel/studio/7.0/toolchain/avr8/avr8-gnu-toolchain/bin/../lib/gcc/avr/5.4.0/../../../../avr/lib/avr51\libc.a(vfprintf_std.o) (fputc)
c:/program files (x86)/atmel/studio/7.0/toolchain/avr8/avr8-gnu-toolchain/bin/../lib/gcc/avr/5.4.0/../../../../avr/lib/avr51\libc.a(ultoa_invert.o)
                              c:/program files (x86)/atmel/studio/7.0/toolchain/avr8/avr8-gnu-toolchain/bin/../lib/gcc/avr/5.4.0/../../../../avr/lib/avr51\libc.a(vfprintf_std.o) (__ultoa_invert)

Allocating common symbols
Common symbol       size              file

fanWind             0x1               ap/Model/Model_fanWind.o
uart0Rxbuff         0x64              Peri/UART0/UART0.o
uart0RxFlag         0x1               Peri/UART0/UART0.o
btn_start           0x6               ap/Listener/Listener.o
btn_mode            0x6               ap/Listener/Listener.o
fanWindState        0x1               ap/Service/Fan_auto.o
fanTime             0x1               ap/Model/Model_fanTime.o
btn_timer           0x6               ap/Listener/Listener.o
btn_wind            0x6               ap/Listener/Listener.o
fanStartCheck       0x1               ap/Model/Model_fanTimerStart.o
fanMode             0x1               ap/Model/Model_fanMode.o
timeTick            0x4               ap/Service/Fan_auto.o
__iob               0x6               c:/program files (x86)/atmel/studio/7.0/toolchain/avr8/avr8-gnu-toolchain/bin/../lib/gcc/avr/5.4.0/../../../../avr/lib/avr51\libc.a(iob.o)

Discarded input sections

 .data          0x00000000        0x0 C:/Program Files (x86)/Atmel/Studio/7.0/Packs/atmel/ATmega_DFP/1.7.374/gcc/dev/atmega128a/avr51/crtatmega128a.o
 .bss           0x00000000        0x0 C:/Program Files (x86)/Atmel/Studio/7.0/Packs/atmel/ATmega_DFP/1.7.374/gcc/dev/atmega128a/avr51/crtatmega128a.o
 .text          0x00000000        0x0 ap/apMain.o
 .data          0x00000000        0x0 ap/apMain.o
 .bss           0x00000000        0x0 ap/apMain.o
 .text          0x00000000        0x0 ap/Listener/Listener.o
 .data          0x00000000        0x0 ap/Listener/Listener.o
 .bss           0x00000000        0x0 ap/Listener/Listener.o
 .text          0x00000000        0x0 ap/Model/Model_Fan_Sound.o
 .data          0x00000000        0x0 ap/Model/Model_Fan_Sound.o
 .bss           0x00000000        0x0 ap/Model/Model_Fan_Sound.o
 .text          0x00000000        0x0 ap/Model/Model_fanMode.o
 .data          0x00000000        0x0 ap/Model/Model_fanMode.o
 .bss           0x00000000        0x0 ap/Model/Model_fanMode.o
 .text          0x00000000        0x0 ap/Model/Model_fanTime.o
 .data          0x00000000        0x0 ap/Model/Model_fanTime.o
 .bss           0x00000000        0x0 ap/Model/Model_fanTime.o
 .text          0x00000000        0x0 ap/Model/Model_fanTimerStart.o
 .data          0x00000000        0x0 ap/Model/Model_fanTimerStart.o
 .bss           0x00000000        0x0 ap/Model/Model_fanTimerStart.o
 .text          0x00000000        0x0 ap/Model/Model_fanWind.o
 .data          0x00000000        0x0 ap/Model/Model_fanWind.o
 .bss           0x00000000        0x0 ap/Model/Model_fanWind.o
 .text          0x00000000        0x0 ap/Presenter/Presenter.o
 .data          0x00000000        0x0 ap/Presenter/Presenter.o
 .bss           0x00000000        0x0 ap/Presenter/Presenter.o
 .text          0x00000000        0x0 ap/Service/Fan_auto.o
 .data          0x00000000        0x0 ap/Service/Fan_auto.o
 .bss           0x00000000        0x0 ap/Service/Fan_auto.o
 .text          0x00000000        0x0 ap/Service/Fan_mannual.o
 .data          0x00000000        0x0 ap/Service/Fan_mannual.o
 .bss           0x00000000        0x0 ap/Service/Fan_mannual.o
 .text          0x00000000        0x0 ap/Service/Fan_timer.o
 .data          0x00000000        0x0 ap/Service/Fan_timer.o
 .bss           0x00000000        0x0 ap/Service/Fan_timer.o
 .data.timer_running
                0x00000000        0x1 ap/Service/Fan_timer.o
 .text          0x00000000        0x0 ap/Service/Fan_UART0.o
 .data          0x00000000        0x0 ap/Service/Fan_UART0.o
 .bss           0x00000000        0x0 ap/Service/Fan_UART0.o
 .text          0x00000000        0x0 driver/Button/button.o
 .data          0x00000000        0x0 driver/Button/button.o
 .bss           0x00000000        0x0 driver/Button/button.o
 .text          0x00000000        0x0 driver/Buzzer/Buzzer.o
 .data          0x00000000        0x0 driver/Buzzer/Buzzer.o
 .bss           0x00000000        0x0 driver/Buzzer/Buzzer.o
 .text          0x00000000        0x0 driver/FND/fnd.o
 .data          0x00000000        0x0 driver/FND/fnd.o
 .bss           0x00000000        0x0 driver/FND/fnd.o
 .text          0x00000000        0x0 driver/LCD/LCD.o
 .data          0x00000000        0x0 driver/LCD/LCD.o
 .bss           0x00000000        0x0 driver/LCD/LCD.o
 .text.LCD_clearDisplay
                0x00000000        0x8 driver/LCD/LCD.o
 .text          0x00000000        0x0 driver/Motor/Motor.o
 .data          0x00000000        0x0 driver/Motor/Motor.o
 .bss           0x00000000        0x0 driver/Motor/Motor.o
 .text.Motor_Run
                0x00000000       0x22 driver/Motor/Motor.o
 .text          0x00000000        0x0 main.o
 .data          0x00000000        0x0 main.o
 .bss           0x00000000        0x0 main.o
 .text          0x00000000        0x0 Peri/GPIO/GPIO.o
 .data          0x00000000        0x0 Peri/GPIO/GPIO.o
 .bss           0x00000000        0x0 Peri/GPIO/GPIO.o
 .text.Gpio_readPort
                0x00000000        0x6 Peri/GPIO/GPIO.o
 .text          0x00000000        0x0 Peri/Timer/Timer.o
 .data          0x00000000        0x0 Peri/Timer/Timer.o
 .bss           0x00000000        0x0 Peri/Timer/Timer.o
 .text          0x00000000        0x0 Peri/UART0/UART0.o
 .data          0x00000000        0x0 Peri/UART0/UART0.o
 .bss           0x00000000        0x0 Peri/UART0/UART0.o
 .text.UART0_Receive
                0x00000000        0x8 Peri/UART0/UART0.o
 .text.UART0_sendString
                0x00000000       0x2c Peri/UART0/UART0.o
 .text.UART0_Avail
                0x00000000        0xc Peri/UART0/UART0.o
 .text          0x00000000        0x0 c:/program files (x86)/atmel/studio/7.0/toolchain/avr8/avr8-gnu-toolchain/bin/../lib/gcc/avr/5.4.0/avr51\libgcc.a(_udivmodhi4.o)
 .data          0x00000000        0x0 c:/program files (x86)/atmel/studio/7.0/toolchain/avr8/avr8-gnu-toolchain/bin/../lib/gcc/avr/5.4.0/avr51\libgcc.a(_udivmodhi4.o)
 .bss           0x00000000        0x0 c:/program files (x86)/atmel/studio/7.0/toolchain/avr8/avr8-gnu-toolchain/bin/../lib/gcc/avr/5.4.0/avr51\libgcc.a(_udivmodhi4.o)
 .text.libgcc.mul
                0x00000000        0x0 c:/program files (x86)/atmel/studio/7.0/toolchain/avr8/avr8-gnu-toolchain/bin/../lib/gcc/avr/5.4.0/avr51\libgcc.a(_udivmodhi4.o)
 .text.libgcc   0x00000000        0x0 c:/program files (x86)/atmel/studio/7.0/toolchain/avr8/avr8-gnu-toolchain/bin/../lib/gcc/avr/5.4.0/avr51\libgcc.a(_udivmodhi4.o)
 .text.libgcc.prologue
                0x00000000        0x0 c:/program files (x86)/atmel/studio/7.0/toolchain/avr8/avr8-gnu-toolchain/bin/../lib/gcc/avr/5.4.0/avr51\libgcc.a(_udivmodhi4.o)
 .text.libgcc.builtins
                0x00000000        0x0 c:/program files (x86)/atmel/studio/7.0/toolchain/avr8/avr8-gnu-toolchain/bin/../lib/gcc/avr/5.4.0/avr51\libgcc.a(_udivmodhi4.o)
 .text.libgcc.fmul
                0x00000000        0x0 c:/program files (x86)/atmel/studio/7.0/toolchain/avr8/avr8-gnu-toolchain/bin/../lib/gcc/avr/5.4.0/avr51\libgcc.a(_udivmodhi4.o)
 .text.libgcc.fixed
                0x00000000        0x0 c:/program files (x86)/atmel/studio/7.0/toolchain/avr8/avr8-gnu-toolchain/bin/../lib/gcc/avr/5.4.0/avr51\libgcc.a(_udivmodhi4.o)
 .text          0x00000000        0x0 c:/program files (x86)/atmel/studio/7.0/toolchain/avr8/avr8-gnu-toolchain/bin/../lib/gcc/avr/5.4.0/avr51\libgcc.a(_divmodhi4.o)
 .data          0x00000000        0x0 c:/program files (x86)/atmel/studio/7.0/toolchain/avr8/avr8-gnu-toolchain/bin/../lib/gcc/avr/5.4.0/avr51\libgcc.a(_divmodhi4.o)
 .bss           0x00000000        0x0 c:/program files (x86)/atmel/studio/7.0/toolchain/avr8/avr8-gnu-toolchain/bin/../lib/gcc/avr/5.4.0/avr51\libgcc.a(_divmodhi4.o)
 .text.libgcc.mul
                0x00000000        0x0 c:/program files (x86)/atmel/studio/7.0/toolchain/avr8/avr8-gnu-toolchain/bin/../lib/gcc/avr/5.4.0/avr51\libgcc.a(_divmodhi4.o)
 .text.libgcc   0x00000000        0x0 c:/program files (x86)/atmel/studio/7.0/toolchain/avr8/avr8-gnu-toolchain/bin/../lib/gcc/avr/5.4.0/avr51\libgcc.a(_divmodhi4.o)
 .text.libgcc.prologue
                0x00000000        0x0 c:/program files (x86)/atmel/studio/7.0/toolchain/avr8/avr8-gnu-toolchain/bin/../lib/gcc/avr/5.4.0/avr51\libgcc.a(_divmodhi4.o)
 .text.libgcc.builtins
                0x00000000        0x0 c:/program files (x86)/atmel/studio/7.0/toolchain/avr8/avr8-gnu-toolchain/bin/../lib/gcc/avr/5.4.0/avr51\libgcc.a(_divmodhi4.o)
 .text.libgcc.fmul
                0x00000000        0x0 c:/program files (x86)/atmel/studio/7.0/toolchain/avr8/avr8-gnu-toolchain/bin/../lib/gcc/avr/5.4.0/avr51\libgcc.a(_divmodhi4.o)
 .text.libgcc.fixed
                0x00000000        0x0 c:/program files (x86)/atmel/studio/7.0/toolchain/avr8/avr8-gnu-toolchain/bin/../lib/gcc/avr/5.4.0/avr51\libgcc.a(_divmodhi4.o)
 .text          0x00000000        0x0 c:/program files (x86)/atmel/studio/7.0/toolchain/avr8/avr8-gnu-toolchain/bin/../lib/gcc/avr/5.4.0/avr51\libgcc.a(_divmodsi4.o)
 .data          0x00000000        0x0 c:/program files (x86)/atmel/studio/7.0/toolchain/avr8/avr8-gnu-toolchain/bin/../lib/gcc/avr/5.4.0/avr51\libgcc.a(_divmodsi4.o)
 .bss           0x00000000        0x0 c:/program files (x86)/atmel/studio/7.0/toolchain/avr8/avr8-gnu-toolchain/bin/../lib/gcc/avr/5.4.0/avr51\libgcc.a(_divmodsi4.o)
 .text.libgcc.mul
                0x00000000        0x0 c:/program files (x86)/atmel/studio/7.0/toolchain/avr8/avr8-gnu-toolchain/bin/../lib/gcc/avr/5.4.0/avr51\libgcc.a(_divmodsi4.o)
 .text.libgcc   0x00000000        0x0 c:/program files (x86)/atmel/studio/7.0/toolchain/avr8/avr8-gnu-toolchain/bin/../lib/gcc/avr/5.4.0/avr51\libgcc.a(_divmodsi4.o)
 .text.libgcc.prologue
                0x00000000        0x0 c:/program files (x86)/atmel/studio/7.0/toolchain/avr8/avr8-gnu-toolchain/bin/../lib/gcc/avr/5.4.0/avr51\libgcc.a(_divmodsi4.o)
 .text.libgcc.builtins
                0x00000000        0x0 c:/program files (x86)/atmel/studio/7.0/toolchain/avr8/avr8-gnu-toolchain/bin/../lib/gcc/avr/5.4.0/avr51\libgcc.a(_divmodsi4.o)
 .text.libgcc.fmul
                0x00000000        0x0 c:/program files (x86)/atmel/studio/7.0/toolchain/avr8/avr8-gnu-toolchain/bin/../lib/gcc/avr/5.4.0/avr51\libgcc.a(_divmodsi4.o)
 .text.libgcc.fixed
                0x00000000        0x0 c:/program files (x86)/atmel/studio/7.0/toolchain/avr8/avr8-gnu-toolchain/bin/../lib/gcc/avr/5.4.0/avr51\libgcc.a(_divmodsi4.o)
 .text          0x00000000        0x0 c:/program files (x86)/atmel/studio/7.0/toolchain/avr8/avr8-gnu-toolchain/bin/../lib/gcc/avr/5.4.0/avr51\libgcc.a(_negsi2.o)
 .data          0x00000000        0x0 c:/program files (x86)/atmel/studio/7.0/toolchain/avr8/avr8-gnu-toolchain/bin/../lib/gcc/avr/5.4.0/avr51\libgcc.a(_negsi2.o)
 .bss           0x00000000        0x0 c:/program files (x86)/atmel/studio/7.0/toolchain/avr8/avr8-gnu-toolchain/bin/../lib/gcc/avr/5.4.0/avr51\libgcc.a(_negsi2.o)
 .text.libgcc.mul
                0x00000000        0x0 c:/program files (x86)/atmel/studio/7.0/toolchain/avr8/avr8-gnu-toolchain/bin/../lib/gcc/avr/5.4.0/avr51\libgcc.a(_negsi2.o)
 .text.libgcc   0x00000000        0x0 c:/program files (x86)/atmel/studio/7.0/toolchain/avr8/avr8-gnu-toolchain/bin/../lib/gcc/avr/5.4.0/avr51\libgcc.a(_negsi2.o)
 .text.libgcc.prologue
                0x00000000        0x0 c:/program files (x86)/atmel/studio/7.0/toolchain/avr8/avr8-gnu-toolchain/bin/../lib/gcc/avr/5.4.0/avr51\libgcc.a(_negsi2.o)
 .text.libgcc.builtins
                0x00000000        0x0 c:/program files (x86)/atmel/studio/7.0/toolchain/avr8/avr8-gnu-toolchain/bin/../lib/gcc/avr/5.4.0/avr51\libgcc.a(_negsi2.o)
 .text.libgcc.fmul
                0x00000000        0x0 c:/program files (x86)/atmel/studio/7.0/toolchain/avr8/avr8-gnu-toolchain/bin/../lib/gcc/avr/5.4.0/avr51\libgcc.a(_negsi2.o)
 .text.libgcc.fixed
                0x00000000        0x0 c:/program files (x86)/atmel/studio/7.0/toolchain/avr8/avr8-gnu-toolchain/bin/../lib/gcc/avr/5.4.0/avr51\libgcc.a(_negsi2.o)
 .text          0x00000000        0x0 c:/program files (x86)/atmel/studio/7.0/toolchain/avr8/avr8-gnu-toolchain/bin/../lib/gcc/avr/5.4.0/avr51\libgcc.a(_exit.o)
 .data          0x00000000        0x0 c:/program files (x86)/atmel/studio/7.0/toolchain/avr8/avr8-gnu-toolchain/bin/../lib/gcc/avr/5.4.0/avr51\libgcc.a(_exit.o)
 .bss           0x00000000        0x0 c:/program files (x86)/atmel/studio/7.0/toolchain/avr8/avr8-gnu-toolchain/bin/../lib/gcc/avr/5.4.0/avr51\libgcc.a(_exit.o)
 .text.libgcc.mul
                0x00000000        0x0 c:/program files (x86)/atmel/studio/7.0/toolchain/avr8/avr8-gnu-toolchain/bin/../lib/gcc/avr/5.4.0/avr51\libgcc.a(_exit.o)
 .text.libgcc.div
                0x00000000        0x0 c:/program files (x86)/atmel/studio/7.0/toolchain/avr8/avr8-gnu-toolchain/bin/../lib/gcc/avr/5.4.0/avr51\libgcc.a(_exit.o)
 .text.libgcc   0x00000000        0x0 c:/program files (x86)/atmel/studio/7.0/toolchain/avr8/avr8-gnu-toolchain/bin/../lib/gcc/avr/5.4.0/avr51\libgcc.a(_exit.o)
 .text.libgcc.prologue
                0x00000000        0x0 c:/program files (x86)/atmel/studio/7.0/toolchain/avr8/avr8-gnu-toolchain/bin/../lib/gcc/avr/5.4.0/avr51\libgcc.a(_exit.o)
 .text.libgcc.builtins
                0x00000000        0x0 c:/program files (x86)/atmel/studio/7.0/toolchain/avr8/avr8-gnu-toolchain/bin/../lib/gcc/avr/5.4.0/avr51\libgcc.a(_exit.o)
 .text.libgcc.fmul
                0x00000000        0x0 c:/program files (x86)/atmel/studio/7.0/toolchain/avr8/avr8-gnu-toolchain/bin/../lib/gcc/avr/5.4.0/avr51\libgcc.a(_exit.o)
 .text.libgcc.fixed
                0x00000000        0x0 c:/program files (x86)/atmel/studio/7.0/toolchain/avr8/avr8-gnu-toolchain/bin/../lib/gcc/avr/5.4.0/avr51\libgcc.a(_exit.o)
 .text          0x00000000        0x0 c:/program files (x86)/atmel/studio/7.0/toolchain/avr8/avr8-gnu-toolchain/bin/../lib/gcc/avr/5.4.0/avr51\libgcc.a(_copy_data.o)
 .data          0x00000000        0x0 c:/program files (x86)/atmel/studio/7.0/toolchain/avr8/avr8-gnu-toolchain/bin/../lib/gcc/avr/5.4.0/avr51\libgcc.a(_copy_data.o)
 .bss           0x00000000        0x0 c:/program files (x86)/atmel/studio/7.0/toolchain/avr8/avr8-gnu-toolchain/bin/../lib/gcc/avr/5.4.0/avr51\libgcc.a(_copy_data.o)
 .text.libgcc.mul
                0x00000000        0x0 c:/program files (x86)/atmel/studio/7.0/toolchain/avr8/avr8-gnu-toolchain/bin/../lib/gcc/avr/5.4.0/avr51\libgcc.a(_copy_data.o)
 .text.libgcc.div
                0x00000000        0x0 c:/program files (x86)/atmel/studio/7.0/toolchain/avr8/avr8-gnu-toolchain/bin/../lib/gcc/avr/5.4.0/avr51\libgcc.a(_copy_data.o)
 .text.libgcc   0x00000000        0x0 c:/program files (x86)/atmel/studio/7.0/toolchain/avr8/avr8-gnu-toolchain/bin/../lib/gcc/avr/5.4.0/avr51\libgcc.a(_copy_data.o)
 .text.libgcc.prologue
                0x00000000        0x0 c:/program files (x86)/atmel/studio/7.0/toolchain/avr8/avr8-gnu-toolchain/bin/../lib/gcc/avr/5.4.0/avr51\libgcc.a(_copy_data.o)
 .text.libgcc.builtins
                0x00000000        0x0 c:/program files (x86)/atmel/studio/7.0/toolchain/avr8/avr8-gnu-toolchain/bin/../lib/gcc/avr/5.4.0/avr51\libgcc.a(_copy_data.o)
 .text.libgcc.fmul
                0x00000000        0x0 c:/program files (x86)/atmel/studio/7.0/toolchain/avr8/avr8-gnu-toolchain/bin/../lib/gcc/avr/5.4.0/avr51\libgcc.a(_copy_data.o)
 .text.libgcc.fixed
                0x00000000        0x0 c:/program files (x86)/atmel/studio/7.0/toolchain/avr8/avr8-gnu-toolchain/bin/../lib/gcc/avr/5.4.0/avr51\libgcc.a(_copy_data.o)
 .text          0x00000000        0x0 c:/program files (x86)/atmel/studio/7.0/toolchain/avr8/avr8-gnu-toolchain/bin/../lib/gcc/avr/5.4.0/avr51\libgcc.a(_clear_bss.o)
 .data          0x00000000        0x0 c:/program files (x86)/atmel/studio/7.0/toolchain/avr8/avr8-gnu-toolchain/bin/../lib/gcc/avr/5.4.0/avr51\libgcc.a(_clear_bss.o)
 .bss           0x00000000        0x0 c:/program files (x86)/atmel/studio/7.0/toolchain/avr8/avr8-gnu-toolchain/bin/../lib/gcc/avr/5.4.0/avr51\libgcc.a(_clear_bss.o)
 .text.libgcc.mul
                0x00000000        0x0 c:/program files (x86)/atmel/studio/7.0/toolchain/avr8/avr8-gnu-toolchain/bin/../lib/gcc/avr/5.4.0/avr51\libgcc.a(_clear_bss.o)
 .text.libgcc.div
                0x00000000        0x0 c:/program files (x86)/atmel/studio/7.0/toolchain/avr8/avr8-gnu-toolchain/bin/../lib/gcc/avr/5.4.0/avr51\libgcc.a(_clear_bss.o)
 .text.libgcc   0x00000000        0x0 c:/program files (x86)/atmel/studio/7.0/toolchain/avr8/avr8-gnu-toolchain/bin/../lib/gcc/avr/5.4.0/avr51\libgcc.a(_clear_bss.o)
 .text.libgcc.prologue
                0x00000000        0x0 c:/program files (x86)/atmel/studio/7.0/toolchain/avr8/avr8-gnu-toolchain/bin/../lib/gcc/avr/5.4.0/avr51\libgcc.a(_clear_bss.o)
 .text.libgcc.builtins
                0x00000000        0x0 c:/program files (x86)/atmel/studio/7.0/toolchain/avr8/avr8-gnu-toolchain/bin/../lib/gcc/avr/5.4.0/avr51\libgcc.a(_clear_bss.o)
 .text.libgcc.fmul
                0x00000000        0x0 c:/program files (x86)/atmel/studio/7.0/toolchain/avr8/avr8-gnu-toolchain/bin/../lib/gcc/avr/5.4.0/avr51\libgcc.a(_clear_bss.o)
 .text.libgcc.fixed
                0x00000000        0x0 c:/program files (x86)/atmel/studio/7.0/toolchain/avr8/avr8-gnu-toolchain/bin/../lib/gcc/avr/5.4.0/avr51\libgcc.a(_clear_bss.o)
 .text          0x00000000        0x0 c:/program files (x86)/atmel/studio/7.0/toolchain/avr8/avr8-gnu-toolchain/bin/../lib/gcc/avr/5.4.0/avr51\libgcc.a(_umulhisi3.o)
 .data          0x00000000        0x0 c:/program files (x86)/atmel/studio/7.0/toolchain/avr8/avr8-gnu-toolchain/bin/../lib/gcc/avr/5.4.0/avr51\libgcc.a(_umulhisi3.o)
 .bss           0x00000000        0x0 c:/program files (x86)/atmel/studio/7.0/toolchain/avr8/avr8-gnu-toolchain/bin/../lib/gcc/avr/5.4.0/avr51\libgcc.a(_umulhisi3.o)
 .text.libgcc.div
                0x00000000        0x0 c:/program files (x86)/atmel/studio/7.0/toolchain/avr8/avr8-gnu-toolchain/bin/../lib/gcc/avr/5.4.0/avr51\libgcc.a(_umulhisi3.o)
 .text.libgcc   0x00000000        0x0 c:/program files (x86)/atmel/studio/7.0/toolchain/avr8/avr8-gnu-toolchain/bin/../lib/gcc/avr/5.4.0/avr51\libgcc.a(_umulhisi3.o)
 .text.libgcc.prologue
                0x00000000        0x0 c:/program files (x86)/atmel/studio/7.0/toolchain/avr8/avr8-gnu-toolchain/bin/../lib/gcc/avr/5.4.0/avr51\libgcc.a(_umulhisi3.o)
 .text.libgcc.builtins
                0x00000000        0x0 c:/program files (x86)/atmel/studio/7.0/toolchain/avr8/avr8-gnu-toolchain/bin/../lib/gcc/avr/5.4.0/avr51\libgcc.a(_umulhisi3.o)
 .text.libgcc.fmul
                0x00000000        0x0 c:/program files (x86)/atmel/studio/7.0/toolchain/avr8/avr8-gnu-toolchain/bin/../lib/gcc/avr/5.4.0/avr51\libgcc.a(_umulhisi3.o)
 .text.libgcc.fixed
                0x00000000        0x0 c:/program files (x86)/atmel/studio/7.0/toolchain/avr8/avr8-gnu-toolchain/bin/../lib/gcc/avr/5.4.0/avr51\libgcc.a(_umulhisi3.o)
 .text          0x00000000        0x0 c:/program files (x86)/atmel/studio/7.0/toolchain/avr8/avr8-gnu-toolchain/bin/../lib/gcc/avr/5.4.0/avr51\libgcc.a(_udivmodsi4.o)
 .data          0x00000000        0x0 c:/program files (x86)/atmel/studio/7.0/toolchain/avr8/avr8-gnu-toolchain/bin/../lib/gcc/avr/5.4.0/avr51\libgcc.a(_udivmodsi4.o)
 .bss           0x00000000        0x0 c:/program files (x86)/atmel/studio/7.0/toolchain/avr8/avr8-gnu-toolchain/bin/../lib/gcc/avr/5.4.0/avr51\libgcc.a(_udivmodsi4.o)
 .text.libgcc.mul
                0x00000000        0x0 c:/program files (x86)/atmel/studio/7.0/toolchain/avr8/avr8-gnu-toolchain/bin/../lib/gcc/avr/5.4.0/avr51\libgcc.a(_udivmodsi4.o)
 .text.libgcc   0x00000000        0x0 c:/program files (x86)/atmel/studio/7.0/toolchain/avr8/avr8-gnu-toolchain/bin/../lib/gcc/avr/5.4.0/avr51\libgcc.a(_udivmodsi4.o)
 .text.libgcc.prologue
                0x00000000        0x0 c:/program files (x86)/atmel/studio/7.0/toolchain/avr8/avr8-gnu-toolchain/bin/../lib/gcc/avr/5.4.0/avr51\libgcc.a(_udivmodsi4.o)
 .text.libgcc.builtins
                0x00000000        0x0 c:/program files (x86)/atmel/studio/7.0/toolchain/avr8/avr8-gnu-toolchain/bin/../lib/gcc/avr/5.4.0/avr51\libgcc.a(_udivmodsi4.o)
 .text.libgcc.fmul
                0x00000000        0x0 c:/program files (x86)/atmel/studio/7.0/toolchain/avr8/avr8-gnu-toolchain/bin/../lib/gcc/avr/5.4.0/avr51\libgcc.a(_udivmodsi4.o)
 .text.libgcc.fixed
                0x00000000        0x0 c:/program files (x86)/atmel/studio/7.0/toolchain/avr8/avr8-gnu-toolchain/bin/../lib/gcc/avr/5.4.0/avr51\libgcc.a(_udivmodsi4.o)
 .text          0x00000000        0x0 c:/program files (x86)/atmel/studio/7.0/toolchain/avr8/avr8-gnu-toolchain/bin/../lib/gcc/avr/5.4.0/../../../../avr/lib/avr51\libc.a(strcmp.o)
 .data          0x00000000        0x0 c:/program files (x86)/atmel/studio/7.0/toolchain/avr8/avr8-gnu-toolchain/bin/../lib/gcc/avr/5.4.0/../../../../avr/lib/avr51\libc.a(strcmp.o)
 .bss           0x00000000        0x0 c:/program files (x86)/atmel/studio/7.0/toolchain/avr8/avr8-gnu-toolchain/bin/../lib/gcc/avr/5.4.0/../../../../avr/lib/avr51\libc.a(strcmp.o)
 .text          0x00000000        0x0 c:/program files (x86)/atmel/studio/7.0/toolchain/avr8/avr8-gnu-toolchain/bin/../lib/gcc/avr/5.4.0/../../../../avr/lib/avr51\libc.a(iob.o)
 .data          0x00000000        0x0 c:/program files (x86)/atmel/studio/7.0/toolchain/avr8/avr8-gnu-toolchain/bin/../lib/gcc/avr/5.4.0/../../../../avr/lib/avr51\libc.a(iob.o)
 .bss           0x00000000        0x0 c:/program files (x86)/atmel/studio/7.0/toolchain/avr8/avr8-gnu-toolchain/bin/../lib/gcc/avr/5.4.0/../../../../avr/lib/avr51\libc.a(iob.o)
 .text          0x00000000        0x0 c:/program files (x86)/atmel/studio/7.0/toolchain/avr8/avr8-gnu-toolchain/bin/../lib/gcc/avr/5.4.0/../../../../avr/lib/avr51\libc.a(puts.o)
 .data          0x00000000        0x0 c:/program files (x86)/atmel/studio/7.0/toolchain/avr8/avr8-gnu-toolchain/bin/../lib/gcc/avr/5.4.0/../../../../avr/lib/avr51\libc.a(puts.o)
 .bss           0x00000000        0x0 c:/program files (x86)/atmel/studio/7.0/toolchain/avr8/avr8-gnu-toolchain/bin/../lib/gcc/avr/5.4.0/../../../../avr/lib/avr51\libc.a(puts.o)
 .text          0x00000000        0x0 c:/program files (x86)/atmel/studio/7.0/toolchain/avr8/avr8-gnu-toolchain/bin/../lib/gcc/avr/5.4.0/../../../../avr/lib/avr51\libc.a(sprintf.o)
 .data          0x00000000        0x0 c:/program files (x86)/atmel/studio/7.0/toolchain/avr8/avr8-gnu-toolchain/bin/../lib/gcc/avr/5.4.0/../../../../avr/lib/avr51\libc.a(sprintf.o)
 .bss           0x00000000        0x0 c:/program files (x86)/atmel/studio/7.0/toolchain/avr8/avr8-gnu-toolchain/bin/../lib/gcc/avr/5.4.0/../../../../avr/lib/avr51\libc.a(sprintf.o)
 .text          0x00000000        0x0 c:/program files (x86)/atmel/studio/7.0/toolchain/avr8/avr8-gnu-toolchain/bin/../lib/gcc/avr/5.4.0/../../../../avr/lib/avr51\libc.a(vfprintf_std.o)
 .data          0x00000000        0x0 c:/program files (x86)/atmel/studio/7.0/toolchain/avr8/avr8-gnu-toolchain/bin/../lib/gcc/avr/5.4.0/../../../../avr/lib/avr51\libc.a(vfprintf_std.o)
 .bss           0x00000000        0x0 c:/program files (x86)/atmel/studio/7.0/toolchain/avr8/avr8-gnu-toolchain/bin/../lib/gcc/avr/5.4.0/../../../../avr/lib/avr51\libc.a(vfprintf_std.o)
 .text          0x00000000        0x0 c:/program files (x86)/atmel/studio/7.0/toolchain/avr8/avr8-gnu-toolchain/bin/../lib/gcc/avr/5.4.0/../../../../avr/lib/avr51\libc.a(strnlen_P.o)
 .data          0x00000000        0x0 c:/program files (x86)/atmel/studio/7.0/toolchain/avr8/avr8-gnu-toolchain/bin/../lib/gcc/avr/5.4.0/../../../../avr/lib/avr51\libc.a(strnlen_P.o)
 .bss           0x00000000        0x0 c:/program files (x86)/atmel/studio/7.0/toolchain/avr8/avr8-gnu-toolchain/bin/../lib/gcc/avr/5.4.0/../../../../avr/lib/avr51\libc.a(strnlen_P.o)
 .text          0x00000000        0x0 c:/program files (x86)/atmel/studio/7.0/toolchain/avr8/avr8-gnu-toolchain/bin/../lib/gcc/avr/5.4.0/../../../../avr/lib/avr51\libc.a(strnlen.o)
 .data          0x00000000        0x0 c:/program files (x86)/atmel/studio/7.0/toolchain/avr8/avr8-gnu-toolchain/bin/../lib/gcc/avr/5.4.0/../../../../avr/lib/avr51\libc.a(strnlen.o)
 .bss           0x00000000        0x0 c:/program files (x86)/atmel/studio/7.0/toolchain/avr8/avr8-gnu-toolchain/bin/../lib/gcc/avr/5.4.0/../../../../avr/lib/avr51\libc.a(strnlen.o)
 .text          0x00000000        0x0 c:/program files (x86)/atmel/studio/7.0/toolchain/avr8/avr8-gnu-toolchain/bin/../lib/gcc/avr/5.4.0/../../../../avr/lib/avr51\libc.a(fputc.o)
 .data          0x00000000        0x0 c:/program files (x86)/atmel/studio/7.0/toolchain/avr8/avr8-gnu-toolchain/bin/../lib/gcc/avr/5.4.0/../../../../avr/lib/avr51\libc.a(fputc.o)
 .bss           0x00000000        0x0 c:/program files (x86)/atmel/studio/7.0/toolchain/avr8/avr8-gnu-toolchain/bin/../lib/gcc/avr/5.4.0/../../../../avr/lib/avr51\libc.a(fputc.o)
 .text          0x00000000        0x0 c:/program files (x86)/atmel/studio/7.0/toolchain/avr8/avr8-gnu-toolchain/bin/../lib/gcc/avr/5.4.0/../../../../avr/lib/avr51\libc.a(ultoa_invert.o)
 .data          0x00000000        0x0 c:/program files (x86)/atmel/studio/7.0/toolchain/avr8/avr8-gnu-toolchain/bin/../lib/gcc/avr/5.4.0/../../../../avr/lib/avr51\libc.a(ultoa_invert.o)
 .bss           0x00000000        0x0 c:/program files (x86)/atmel/studio/7.0/toolchain/avr8/avr8-gnu-toolchain/bin/../lib/gcc/avr/5.4.0/../../../../avr/lib/avr51\libc.a(ultoa_invert.o)

Memory Configuration

Name             Origin             Length             Attributes
text             0x00000000         0x00020000         xr
data             0x00800100         0x00001000         rw !x
eeprom           0x00810000         0x00001000         rw !x
fuse             0x00820000         0x00000003         rw !x
lock             0x00830000         0x00000400         rw !x
signature        0x00840000         0x00000400         rw !x
user_signatures  0x00850000         0x00000400         rw !x
*default*        0x00000000         0xffffffff

Linker script and memory map

Address of section .data set to 0x800100
LOAD C:/Program Files (x86)/Atmel/Studio/7.0/Packs/atmel/ATmega_DFP/1.7.374/gcc/dev/atmega128a/avr51/crtatmega128a.o
LOAD ap/apMain.o
LOAD ap/Listener/Listener.o
LOAD ap/Model/Model_Fan_Sound.o
LOAD ap/Model/Model_fanMode.o
LOAD ap/Model/Model_fanTime.o
LOAD ap/Model/Model_fanTimerStart.o
LOAD ap/Model/Model_fanWind.o
LOAD ap/Presenter/Presenter.o
LOAD ap/Service/Fan_auto.o
LOAD ap/Service/Fan_mannual.o
LOAD ap/Service/Fan_timer.o
LOAD ap/Service/Fan_UART0.o
LOAD driver/Button/button.o
LOAD driver/Buzzer/Buzzer.o
LOAD driver/FND/fnd.o
LOAD driver/LCD/LCD.o
LOAD driver/Motor/Motor.o
LOAD main.o
LOAD Peri/GPIO/GPIO.o
LOAD Peri/Timer/Timer.o
LOAD Peri/UART0/UART0.o
START GROUP
LOAD c:/program files (x86)/atmel/studio/7.0/toolchain/avr8/avr8-gnu-toolchain/bin/../lib/gcc/avr/5.4.0/../../../../avr/lib/avr51\libm.a
END GROUP
START GROUP
LOAD c:/program files (x86)/atmel/studio/7.0/toolchain/avr8/avr8-gnu-toolchain/bin/../lib/gcc/avr/5.4.0/avr51\libgcc.a
LOAD c:/program files (x86)/atmel/studio/7.0/toolchain/avr8/avr8-gnu-toolchain/bin/../lib/gcc/avr/5.4.0/../../../../avr/lib/avr51\libm.a
LOAD c:/program files (x86)/atmel/studio/7.0/toolchain/avr8/avr8-gnu-toolchain/bin/../lib/gcc/avr/5.4.0/../../../../avr/lib/avr51\libc.a
LOAD C:/Program Files (x86)/Atmel/Studio/7.0/Packs/atmel/ATmega_DFP/1.7.374/gcc/dev/atmega128a/avr51\libatmega128a.a
END GROUP
                [0x00000000]                __TEXT_REGION_ORIGIN__ = DEFINED (__TEXT_REGION_ORIGIN__)?__TEXT_REGION_ORIGIN__:0x0
                [0x00800100]                __DATA_REGION_ORIGIN__ = DEFINED (__DATA_REGION_ORIGIN__)?__DATA_REGION_ORIGIN__:0x800100
                [0x00020000]                __TEXT_REGION_LENGTH__ = DEFINED (__TEXT_REGION_LENGTH__)?__TEXT_REGION_LENGTH__:0x20000
                [0x00001000]                __DATA_REGION_LENGTH__ = DEFINED (__DATA_REGION_LENGTH__)?__DATA_REGION_LENGTH__:0xff00
                [0x00001000]                __EEPROM_REGION_LENGTH__ = DEFINED (__EEPROM_REGION_LENGTH__)?__EEPROM_REGION_LENGTH__:0x10000
                [0x00000003]                __FUSE_REGION_LENGTH__ = DEFINED (__FUSE_REGION_LENGTH__)?__FUSE_REGION_LENGTH__:0x400
                0x00000400                __LOCK_REGION_LENGTH__ = DEFINED (__LOCK_REGION_LENGTH__)?__LOCK_REGION_LENGTH__:0x400
                0x00000400                __SIGNATURE_REGION_LENGTH__ = DEFINED (__SIGNATURE_REGION_LENGTH__)?__SIGNATURE_REGION_LENGTH__:0x400
                0x00000400                __USER_SIGNATURE_REGION_LENGTH__ = DEFINED (__USER_SIGNATURE_REGION_LENGTH__)?__USER_SIGNATURE_REGION_LENGTH__:0x400

.hash
 *(.hash)

.dynsym
 *(.dynsym)

.dynstr
 *(.dynstr)

.gnu.version
 *(.gnu.version)

.gnu.version_d
 *(.gnu.version_d)

.gnu.version_r
 *(.gnu.version_r)

.rel.init
 *(.rel.init)

.rela.init
 *(.rela.init)

.rel.text
 *(.rel.text)
 *(.rel.text.*)
 *(.rel.gnu.linkonce.t*)

.rela.text
 *(.rela.text)
 *(.rela.text.*)
 *(.rela.gnu.linkonce.t*)

.rel.fini
 *(.rel.fini)

.rela.fini
 *(.rela.fini)

.rel.rodata
 *(.rel.rodata)
 *(.rel.rodata.*)
 *(.rel.gnu.linkonce.r*)

.rela.rodata
 *(.rela.rodata)
 *(.rela.rodata.*)
 *(.rela.gnu.linkonce.r*)

.rel.data
 *(.rel.data)
 *(.rel.data.*)
 *(.rel.gnu.linkonce.d*)

.rela.data
 *(.rela.data)
 *(.rela.data.*)
 *(.rela.gnu.linkonce.d*)

.rel.ctors
 *(.rel.ctors)

.rela.ctors
 *(.rela.ctors)

.rel.dtors
 *(.rel.dtors)

.rela.dtors
 *(.rela.dtors)

.rel.got
 *(.rel.got)

.rela.got
 *(.rela.got)

.rel.bss
 *(.rel.bss)

.rela.bss
 *(.rela.bss)

.rel.plt
 *(.rel.plt)

.rela.plt
 *(.rela.plt)

.text           0x00000000     0x18e0
 *(.vectors)
 .vectors       0x00000000       0x8c C:/Program Files (x86)/Atmel/Studio/7.0/Packs/atmel/ATmega_DFP/1.7.374/gcc/dev/atmega128a/avr51/crtatmega128a.o
                0x00000000                __vector_default
                0x00000000                __vectors
 *(.vectors)
 *(.progmem.gcc*)
                0x0000008c                . = ALIGN (0x2)
                0x0000008c                __trampolines_start = .
 *(.trampolines)
 .trampolines   0x0000008c        0x0 linker stubs
 *(.trampolines*)
                0x0000008c                __trampolines_end = .
 *libprintf_flt.a:*(.progmem.data)
 *libc.a:*(.progmem.data)
 *(.progmem*)
                0x0000008c                . = ALIGN (0x2)
 *(.jumptables)
 *(.jumptables*)
 *(.lowtext)
 *(.lowtext*)
                0x0000008c                __ctors_start = .
 *(.ctors)
                0x0000008c                __ctors_end = .
                0x0000008c                __dtors_start = .
 *(.dtors)
                0x0000008c                __dtors_end = .
 SORT(*)(.ctors)
 SORT(*)(.dtors)
 *(.init0)
 .init0         0x0000008c        0x0 C:/Program Files (x86)/Atmel/Studio/7.0/Packs/atmel/ATmega_DFP/1.7.374/gcc/dev/atmega128a/avr51/crtatmega128a.o
                0x0000008c                __init
 *(.init0)
 *(.init1)
 *(.init1)
 *(.init2)
 .init2         0x0000008c        0xc C:/Program Files (x86)/Atmel/Studio/7.0/Packs/atmel/ATmega_DFP/1.7.374/gcc/dev/atmega128a/avr51/crtatmega128a.o
 *(.init2)
 *(.init3)
 *(.init3)
 *(.init4)
 .init4         0x00000098       0x1a c:/program files (x86)/atmel/studio/7.0/toolchain/avr8/avr8-gnu-toolchain/bin/../lib/gcc/avr/5.4.0/avr51\libgcc.a(_copy_data.o)
                0x00000098                __do_copy_data
 .init4         0x000000b2       0x10 c:/program files (x86)/atmel/studio/7.0/toolchain/avr8/avr8-gnu-toolchain/bin/../lib/gcc/avr/5.4.0/avr51\libgcc.a(_clear_bss.o)
                0x000000b2                __do_clear_bss
 *(.init4)
 *(.init5)
 *(.init5)
 *(.init6)
 *(.init6)
 *(.init7)
 *(.init7)
 *(.init8)
 *(.init8)
 *(.init9)
 .init9         0x000000c2        0x6 C:/Program Files (x86)/Atmel/Studio/7.0/Packs/atmel/ATmega_DFP/1.7.374/gcc/dev/atmega128a/avr51/crtatmega128a.o
 *(.init9)
 *(.text)
 .text          0x000000c8        0x2 C:/Program Files (x86)/Atmel/Studio/7.0/Packs/atmel/ATmega_DFP/1.7.374/gcc/dev/atmega128a/avr51/crtatmega128a.o
                0x000000c8                __vector_22
                0x000000c8                __vector_28
                0x000000c8                __vector_1
                0x000000c8                __vector_32
                0x000000c8                __vector_34
                0x000000c8                __vector_24
                0x000000c8                __vector_12
                0x000000c8                __bad_interrupt
                0x000000c8                __vector_6
                0x000000c8                __vector_31
                0x000000c8                __vector_3
                0x000000c8                __vector_23
                0x000000c8                __vector_30
                0x000000c8                __vector_25
                0x000000c8                __vector_11
                0x000000c8                __vector_13
                0x000000c8                __vector_17
                0x000000c8                __vector_19
                0x000000c8                __vector_7
                0x000000c8                __vector_27
                0x000000c8                __vector_5
                0x000000c8                __vector_33
                0x000000c8                __vector_4
                0x000000c8                __vector_2
                0x000000c8                __vector_21
                0x000000c8                __vector_15
                0x000000c8                __vector_29
                0x000000c8                __vector_8
                0x000000c8                __vector_26
                0x000000c8                __vector_14
                0x000000c8                __vector_10
                0x000000c8                __vector_20
                0x000000ca                . = ALIGN (0x2)
 *(.text.*)
 .text.__vector_16
                0x000000ca       0x52 ap/apMain.o
                0x000000ca                __vector_16
 .text.__vector_9
                0x0000011c       0x52 ap/apMain.o
                0x0000011c                __vector_9
 .text.__vector_18
                0x0000016e       0x4e ap/apMain.o
                0x0000016e                __vector_18
 .text.apMain_init
                0x000001bc       0x32 ap/apMain.o
                0x000001bc                apMain_init
 .text.apMain_run
                0x000001ee       0x14 ap/apMain.o
                0x000001ee                apMain_run
 .text.Listener_init
                0x00000202       0x42 ap/Listener/Listener.o
                0x00000202                Listener_init
 .text.Listener_fanWindCheck
                0x00000244       0x60 ap/Listener/Listener.o
                0x00000244                Listener_fanWindCheck
 .text.Listener_fanModeCheck
                0x000002a4       0x32 ap/Listener/Listener.o
                0x000002a4                Listener_fanModeCheck
 .text.Listener_fanTimeCheck
                0x000002d6       0x62 ap/Listener/Listener.o
                0x000002d6                Listener_fanTimeCheck
 .text.Listener_fanTimer_Start
                0x00000338       0x30 ap/Listener/Listener.o
                0x00000338                Listener_fanTimer_Start
 .text.Sound_start
                0x00000368       0x82 ap/Model/Model_Fan_Sound.o
                0x00000368                Sound_start
 .text.Fansound_init
                0x000003ea        0xc ap/Model/Model_Fan_Sound.o
                0x000003ea                Fansound_init
 .text.Sound_Auto
                0x000003f6       0x66 ap/Model/Model_Fan_Sound.o
                0x000003f6                Sound_Auto
 .text.Sound_Mannual
                0x0000045c       0x66 ap/Model/Model_Fan_Sound.o
                0x0000045c                Sound_Mannual
 .text.Sound_Wind
                0x000004c2       0x26 ap/Model/Model_Fan_Sound.o
                0x000004c2                Sound_Wind
 .text.Sound_Timer
                0x000004e8       0x1e ap/Model/Model_Fan_Sound.o
                0x000004e8                Sound_Timer
 .text.Sound_Start
                0x00000506       0x4e ap/Model/Model_Fan_Sound.o
                0x00000506                Sound_Start
 .text.Sound_End
                0x00000554       0x4e ap/Model/Model_Fan_Sound.o
                0x00000554                Sound_End
 .text.Model_getFanMode
                0x000005a2        0x6 ap/Model/Model_fanMode.o
                0x000005a2                Model_getFanMode
 .text.Model_setFanMode
                0x000005a8        0x6 ap/Model/Model_fanMode.o
                0x000005a8                Model_setFanMode
 .text.Model_getFanTime
                0x000005ae        0x6 ap/Model/Model_fanTime.o
                0x000005ae                Model_getFanTime
 .text.Model_setFanTime
                0x000005b4        0x6 ap/Model/Model_fanTime.o
                0x000005b4                Model_setFanTime
 .text.Model_getFanTimer_Start
                0x000005ba        0x6 ap/Model/Model_fanTimerStart.o
                0x000005ba                Model_getFanTimer_Start
 .text.Model_setFanTimer_Start
                0x000005c0        0x6 ap/Model/Model_fanTimerStart.o
                0x000005c0                Model_setFanTimer_Start
 .text.Model_getFanWind
                0x000005c6        0x6 ap/Model/Model_fanWind.o
                0x000005c6                Model_getFanWind
 .text.Model_setFanWind
                0x000005cc        0x6 ap/Model/Model_fanWind.o
                0x000005cc                Model_setFanWind
 .text.Presenter_init
                0x000005d2        0x6 ap/Presenter/Presenter.o
                0x000005d2                Presenter_init
 .text.Preseter_dispTimerData
                0x000005d8      0x156 ap/Presenter/Presenter.o
                0x000005d8                Preseter_dispTimerData
 .text.Fan_autoInit
                0x0000072e       0x18 ap/Service/Fan_auto.o
                0x0000072e                Fan_autoInit
 .text.Fan_autoRun
                0x00000746      0x1c4 ap/Service/Fan_auto.o
                0x00000746                Fan_autoRun
 .text.Fan_mannualRun
                0x0000090a       0x7c ap/Service/Fan_mannual.o
                0x0000090a                Fan_mannualRun
 .text.FanTimer_init
                0x00000986       0x16 ap/Service/Fan_timer.o
                0x00000986                FanTimer_init
 .text.FanTimer_Mode
                0x0000099c       0x70 ap/Service/Fan_timer.o
                0x0000099c                FanTimer_Mode
 .text.FanTimer_decMilisec
                0x00000a0c       0x88 ap/Service/Fan_timer.o
                0x00000a0c                FanTimer_decMilisec
 .text.FanTimer_disp
                0x00000a94       0x1e ap/Service/Fan_timer.o
                0x00000a94                FanTimer_disp
 .text.FanUart0_run
                0x00000ab2       0xda ap/Service/Fan_UART0.o
                0x00000ab2                FanUart0_run
 .text.Button_init
                0x00000b8c       0x1a driver/Button/button.o
                0x00000b8c                Button_init
 .text.Button_GetState
                0x00000ba6       0x52 driver/Button/button.o
                0x00000ba6                Button_GetState
 .text.Buzzer_makeHertz
                0x00000bf8       0x48 driver/Buzzer/Buzzer.o
                0x00000bf8                Buzzer_makeHertz
 .text.Buzzer_soundOn
                0x00000c40        0xc driver/Buzzer/Buzzer.o
                0x00000c40                Buzzer_soundOn
 .text.Buzzer_soundOff
                0x00000c4c        0xc driver/Buzzer/Buzzer.o
                0x00000c4c                Buzzer_soundOff
 .text.Buzzer_init
                0x00000c58       0x1c driver/Buzzer/Buzzer.o
                0x00000c58                Buzzer_init
 .text.FND_init
                0x00000c74        0xe driver/FND/fnd.o
                0x00000c74                FND_init
 .text.FND_dispNum
                0x00000c82      0x250 driver/FND/fnd.o
                0x00000c82                FND_dispNum
 .text.FND_setFndData
                0x00000ed2        0xa driver/FND/fnd.o
                0x00000ed2                FND_setFndData
 .text.FND_ISR_Process
                0x00000edc        0xc driver/FND/fnd.o
                0x00000edc                FND_ISR_Process
 .text.FND_colonOn
                0x00000ee8        0x8 driver/FND/fnd.o
                0x00000ee8                FND_colonOn
 .text.FND_colonOff
                0x00000ef0        0x6 driver/FND/fnd.o
                0x00000ef0                FND_colonOff
 .text.GPIO_init
                0x00000ef6       0x28 driver/LCD/LCD.o
                0x00000ef6                GPIO_init
 .text.LCD_cmdMode
                0x00000f1e        0xc driver/LCD/LCD.o
                0x00000f1e                LCD_cmdMode
 .text.LCD_charMode
                0x00000f2a        0xc driver/LCD/LCD.o
                0x00000f2a                LCD_charMode
 .text.LCD_writeMode
                0x00000f36        0xc driver/LCD/LCD.o
                0x00000f36                LCD_writeMode
 .text.LCD_enableHigh
                0x00000f42       0x18 driver/LCD/LCD.o
                0x00000f42                LCD_enableHigh
 .text.LCD_enableLow
                0x00000f5a       0x18 driver/LCD/LCD.o
                0x00000f5a                LCD_enableLow
 .text.LCD_writeByte
                0x00000f72        0xa driver/LCD/LCD.o
                0x00000f72                LCD_writeByte
 .text.LCD_writeCmdData
                0x00000f7c       0x14 driver/LCD/LCD.o
                0x00000f7c                LCD_writeCmdData
 .text.LCD_init
                0x00000f90       0x48 driver/LCD/LCD.o
                0x00000f90                LCD_init
 .text.LCD_writeCharData
                0x00000fd8       0x14 driver/LCD/LCD.o
                0x00000fd8                LCD_writeCharData
 .text.LCD_writeString
                0x00000fec       0x2a driver/LCD/LCD.o
                0x00000fec                LCD_writeString
 .text.LCD_gotoXY
                0x00001016       0x14 driver/LCD/LCD.o
                0x00001016                LCD_gotoXY
 .text.LCD_writeStrXY
                0x0000102a       0x12 driver/LCD/LCD.o
                0x0000102a                LCD_writeStrXY
 .text.Motor_init
                0x0000103c       0x1c driver/Motor/Motor.o
                0x0000103c                Motor_init
 .text.Motor_change
                0x00001058       0x20 driver/Motor/Motor.o
                0x00001058                Motor_change
 .text.Motor_On
                0x00001078        0xc driver/Motor/Motor.o
                0x00001078                Motor_On
 .text.Motor_Off
                0x00001084        0xc driver/Motor/Motor.o
                0x00001084                Motor_Off
 .text.main     0x00001090        0x6 main.o
                0x00001090                main
 .text.Gpio_initPort
                0x00001096       0x12 Peri/GPIO/GPIO.o
                0x00001096                Gpio_initPort
 .text.Gpio_initPin
                0x000010a8       0x36 Peri/GPIO/GPIO.o
                0x000010a8                Gpio_initPin
 .text.Gpio_writePort
                0x000010de        0x6 Peri/GPIO/GPIO.o
                0x000010de                Gpio_writePort
 .text.Gpio_writePin
                0x000010e4       0x34 Peri/GPIO/GPIO.o
                0x000010e4                Gpio_writePin
 .text.Gpio_readPin
                0x00001118       0x14 Peri/GPIO/GPIO.o
                0x00001118                Gpio_readPin
 .text.Timer0_init
                0x0000112c       0x12 Peri/Timer/Timer.o
                0x0000112c                Timer0_init
 .text.Timer2_init
                0x0000113e       0x18 Peri/Timer/Timer.o
                0x0000113e                Timer2_init
 .text.UART0_init
                0x00001156       0x18 Peri/UART0/UART0.o
                0x00001156                UART0_init
 .text.UART0_Transmit
                0x0000116e        0x8 Peri/UART0/UART0.o
                0x0000116e                UART0_Transmit
 .text.UART0_clearRxFlag
                0x00001176        0x6 Peri/UART0/UART0.o
                0x00001176                UART0_clearRxFlag
 .text.UART0_setRxFlag
                0x0000117c        0x8 Peri/UART0/UART0.o
                0x0000117c                UART0_setRxFlag
 .text.UART0_ISR_Process
                0x00001184       0x3c Peri/UART0/UART0.o
                0x00001184                UART0_ISR_Process
 .text.UART0_getRxFlag
                0x000011c0        0x6 Peri/UART0/UART0.o
                0x000011c0                UART0_getRxFlag
 .text.UART0_readRxBuff
                0x000011c6        0x6 Peri/UART0/UART0.o
                0x000011c6                UART0_readRxBuff
 .text.libgcc.div
                0x000011cc       0x28 c:/program files (x86)/atmel/studio/7.0/toolchain/avr8/avr8-gnu-toolchain/bin/../lib/gcc/avr/5.4.0/avr51\libgcc.a(_udivmodhi4.o)
                0x000011cc                __udivmodhi4
 .text.libgcc.div
                0x000011f4       0x26 c:/program files (x86)/atmel/studio/7.0/toolchain/avr8/avr8-gnu-toolchain/bin/../lib/gcc/avr/5.4.0/avr51\libgcc.a(_divmodhi4.o)
                0x000011f4                _div
                0x000011f4                __divmodhi4
 .text.libgcc.div
                0x0000121a       0x28 c:/program files (x86)/atmel/studio/7.0/toolchain/avr8/avr8-gnu-toolchain/bin/../lib/gcc/avr/5.4.0/avr51\libgcc.a(_divmodsi4.o)
                0x0000121a                __divmodsi4
 .text.libgcc.div
                0x00001242       0x10 c:/program files (x86)/atmel/studio/7.0/toolchain/avr8/avr8-gnu-toolchain/bin/../lib/gcc/avr/5.4.0/avr51\libgcc.a(_negsi2.o)
                0x00001242                __negsi2
 .text.libgcc.mul
                0x00001252       0x1e c:/program files (x86)/atmel/studio/7.0/toolchain/avr8/avr8-gnu-toolchain/bin/../lib/gcc/avr/5.4.0/avr51\libgcc.a(_umulhisi3.o)
                0x00001252                __umulhisi3
 .text.libgcc.div
                0x00001270       0x44 c:/program files (x86)/atmel/studio/7.0/toolchain/avr8/avr8-gnu-toolchain/bin/../lib/gcc/avr/5.4.0/avr51\libgcc.a(_udivmodsi4.o)
                0x00001270                __udivmodsi4
 .text.avr-libc
                0x000012b4       0x12 c:/program files (x86)/atmel/studio/7.0/toolchain/avr8/avr8-gnu-toolchain/bin/../lib/gcc/avr/5.4.0/../../../../avr/lib/avr51\libc.a(strcmp.o)
                0x000012b4                strcmp
 .text.avr-libc
                0x000012c6       0x60 c:/program files (x86)/atmel/studio/7.0/toolchain/avr8/avr8-gnu-toolchain/bin/../lib/gcc/avr/5.4.0/../../../../avr/lib/avr51\libc.a(puts.o)
                0x000012c6                puts
 .text.avr-libc
                0x00001326       0x5c c:/program files (x86)/atmel/studio/7.0/toolchain/avr8/avr8-gnu-toolchain/bin/../lib/gcc/avr/5.4.0/../../../../avr/lib/avr51\libc.a(sprintf.o)
                0x00001326                sprintf
 .text.avr-libc
                0x00001382      0x3fa c:/program files (x86)/atmel/studio/7.0/toolchain/avr8/avr8-gnu-toolchain/bin/../lib/gcc/avr/5.4.0/../../../../avr/lib/avr51\libc.a(vfprintf_std.o)
                0x00001382                vfprintf
 .text.avr-libc
                0x0000177c       0x16 c:/program files (x86)/atmel/studio/7.0/toolchain/avr8/avr8-gnu-toolchain/bin/../lib/gcc/avr/5.4.0/../../../../avr/lib/avr51\libc.a(strnlen_P.o)
                0x0000177c                strnlen_P
 .text.avr-libc
                0x00001792       0x16 c:/program files (x86)/atmel/studio/7.0/toolchain/avr8/avr8-gnu-toolchain/bin/../lib/gcc/avr/5.4.0/../../../../avr/lib/avr51\libc.a(strnlen.o)
                0x00001792                strnlen
 .text.avr-libc
                0x000017a8       0x78 c:/program files (x86)/atmel/studio/7.0/toolchain/avr8/avr8-gnu-toolchain/bin/../lib/gcc/avr/5.4.0/../../../../avr/lib/avr51\libc.a(fputc.o)
                0x000017a8                fputc
 .text.avr-libc
                0x00001820       0xbc c:/program files (x86)/atmel/studio/7.0/toolchain/avr8/avr8-gnu-toolchain/bin/../lib/gcc/avr/5.4.0/../../../../avr/lib/avr51\libc.a(ultoa_invert.o)
                0x00001820                __ultoa_invert
                0x000018dc                . = ALIGN (0x2)
 *(.fini9)
 .fini9         0x000018dc        0x0 c:/program files (x86)/atmel/studio/7.0/toolchain/avr8/avr8-gnu-toolchain/bin/../lib/gcc/avr/5.4.0/avr51\libgcc.a(_exit.o)
                0x000018dc                _exit
                0x000018dc                exit
 *(.fini9)
 *(.fini8)
 *(.fini8)
 *(.fini7)
 *(.fini7)
 *(.fini6)
 *(.fini6)
 *(.fini5)
 *(.fini5)
 *(.fini4)
 *(.fini4)
 *(.fini3)
 *(.fini3)
 *(.fini2)
 *(.fini2)
 *(.fini1)
 *(.fini1)
 *(.fini0)
 .fini0         0x000018dc        0x4 c:/program files (x86)/atmel/studio/7.0/toolchain/avr8/avr8-gnu-toolchain/bin/../lib/gcc/avr/5.4.0/avr51\libgcc.a(_exit.o)
 *(.fini0)
                0x000018e0                _etext = .

.data           0x00800100       0xd0 load address 0x000018e0
                0x00800100                PROVIDE (__data_start, .)
 *(.data)
 *(.data*)
 .data.UARTMODE
                0x00800100        0xe ap/apMain.o
                0x00800100                UARTMODE
 .data.prevmilisec.2146
                0x0080010e        0x2 ap/Presenter/Presenter.o
 *(.gnu.linkonce.d*)
 *(.rodata)
 .rodata        0x00800110        0xb driver/FND/fnd.o
 *(.rodata*)
 .rodata.str1.1
                0x0080011b       0x26 ap/Presenter/Presenter.o
                                 0x34 (size before relaxing)
 .rodata.str1.1
                0x00800141       0x8e ap/Service/Fan_UART0.o
 *(.gnu.linkonce.r*)
                0x008001d0                . = ALIGN (0x2)
 *fill*         0x008001cf        0x1 
                0x008001d0                _edata = .
                0x008001d0                PROVIDE (__data_end, .)

.bss            0x008001d0       0x9b
                0x008001d0                PROVIDE (__bss_start, .)
 *(.bss)
 *(.bss*)
 .bss.prevTime.1757
                0x008001d0        0x4 ap/Service/Fan_auto.o
 .bss.hour      0x008001d4        0x1 ap/Service/Fan_timer.o
 .bss.min       0x008001d5        0x1 ap/Service/Fan_timer.o
 .bss.sec       0x008001d6        0x1 ap/Service/Fan_timer.o
 .bss.milisec   0x008001d7        0x2 ap/Service/Fan_timer.o
 .bss.i.2124    0x008001d9        0x1 ap/Service/Fan_UART0.o
 .bss.fndDigitState.1744
                0x008001da        0x1 driver/FND/fnd.o
 .bss.fndData   0x008001db        0x2 driver/FND/fnd.o
                0x008001db                fndData
 .bss.fndColonFlag
                0x008001dd        0x1 driver/FND/fnd.o
                0x008001dd                fndColonFlag
 .bss.uart0RxTail.1747
                0x008001de        0x1 Peri/UART0/UART0.o
 *(COMMON)
 COMMON         0x008001df       0x18 ap/Listener/Listener.o
                0x008001df                btn_start
                0x008001e5                btn_mode
                0x008001eb                btn_timer
                0x008001f1                btn_wind
 COMMON         0x008001f7        0x1 ap/Model/Model_fanMode.o
                0x008001f7                fanMode
 COMMON         0x008001f8        0x1 ap/Model/Model_fanTime.o
                0x008001f8                fanTime
 COMMON         0x008001f9        0x1 ap/Model/Model_fanTimerStart.o
                0x008001f9                fanStartCheck
 COMMON         0x008001fa        0x1 ap/Model/Model_fanWind.o
                0x008001fa                fanWind
 COMMON         0x008001fb        0x5 ap/Service/Fan_auto.o
                0x008001fb                fanWindState
                0x008001fc                timeTick
 COMMON         0x00800200       0x65 Peri/UART0/UART0.o
                0x00800200                uart0Rxbuff
                0x00800264                uart0RxFlag
 COMMON         0x00800265        0x6 c:/program files (x86)/atmel/studio/7.0/toolchain/avr8/avr8-gnu-toolchain/bin/../lib/gcc/avr/5.4.0/../../../../avr/lib/avr51\libc.a(iob.o)
                0x00800265                __iob
                0x0080026b                PROVIDE (__bss_end, .)
                0x000018e0                __data_load_start = LOADADDR (.data)
                0x000019b0                __data_load_end = (__data_load_start + SIZEOF (.data))

.noinit         0x0080026b        0x0
                [!provide]                PROVIDE (__noinit_start, .)
 *(.noinit*)
                [!provide]                PROVIDE (__noinit_end, .)
                0x0080026b                _end = .
                [!provide]                PROVIDE (__heap_start, .)

.eeprom         0x00810000        0x0
 *(.eeprom*)
                0x00810000                __eeprom_end = .

.fuse
 *(.fuse)
 *(.lfuse)
 *(.hfuse)
 *(.efuse)

.lock
 *(.lock*)

.signature
 *(.signature*)

.user_signatures
 *(.user_signatures*)

.stab
 *(.stab)

.stabstr
 *(.stabstr)

.stab.excl
 *(.stab.excl)

.stab.exclstr
 *(.stab.exclstr)

.stab.index
 *(.stab.index)

.stab.indexstr
 *(.stab.indexstr)

.comment        0x00000000       0x5c
 *(.comment)
 .comment       0x00000000       0x30 ap/apMain.o
                                 0x31 (size before relaxing)
 .comment       0x00000030       0x31 ap/Listener/Listener.o
 .comment       0x00000030       0x31 ap/Model/Model_Fan_Sound.o
 .comment       0x00000030       0x31 ap/Model/Model_fanMode.o
 .comment       0x00000030       0x31 ap/Model/Model_fanTime.o
 .comment       0x00000030       0x31 ap/Model/Model_fanTimerStart.o
 .comment       0x00000030       0x31 ap/Model/Model_fanWind.o
 .comment       0x00000030       0x31 ap/Presenter/Presenter.o
 .comment       0x00000030       0x31 ap/Service/Fan_auto.o
 .comment       0x00000030       0x31 ap/Service/Fan_mannual.o
 .comment       0x00000030       0x31 ap/Service/Fan_timer.o
 .comment       0x00000030       0x31 ap/Service/Fan_UART0.o
 .comment       0x00000030       0x31 driver/Button/button.o
 .comment       0x00000030       0x31 driver/Buzzer/Buzzer.o
 .comment       0x00000030       0x31 driver/FND/fnd.o
 .comment       0x00000030       0x31 driver/LCD/LCD.o
 .comment       0x00000030       0x31 driver/Motor/Motor.o
 .comment       0x00000030       0x31 main.o
 .comment       0x00000030       0x31 Peri/GPIO/GPIO.o
 .comment       0x00000030       0x31 Peri/Timer/Timer.o
 .comment       0x00000030       0x31 Peri/UART0/UART0.o
 .comment       0x00000030       0x31 c:/program files (x86)/atmel/studio/7.0/toolchain/avr8/avr8-gnu-toolchain/bin/../lib/gcc/avr/5.4.0/../../../../avr/lib/avr51\libc.a(iob.o)
 .comment       0x00000030       0x31 c:/program files (x86)/atmel/studio/7.0/toolchain/avr8/avr8-gnu-toolchain/bin/../lib/gcc/avr/5.4.0/../../../../avr/lib/avr51\libc.a(puts.o)
 .comment       0x00000030       0x31 c:/program files (x86)/atmel/studio/7.0/toolchain/avr8/avr8-gnu-toolchain/bin/../lib/gcc/avr/5.4.0/../../../../avr/lib/avr51\libc.a(sprintf.o)
 .comment       0x00000030       0x2c c:/program files (x86)/atmel/studio/7.0/toolchain/avr8/avr8-gnu-toolchain/bin/../lib/gcc/avr/5.4.0/../../../../avr/lib/avr51\libc.a(vfprintf_std.o)
                                 0x2d (size before relaxing)
 .comment       0x0000005c       0x31 c:/program files (x86)/atmel/studio/7.0/toolchain/avr8/avr8-gnu-toolchain/bin/../lib/gcc/avr/5.4.0/../../../../avr/lib/avr51\libc.a(fputc.o)

.note.gnu.avr.deviceinfo
                0x00000000       0x40
 .note.gnu.avr.deviceinfo
                0x00000000       0x40 C:/Program Files (x86)/Atmel/Studio/7.0/Packs/atmel/ATmega_DFP/1.7.374/gcc/dev/atmega128a/avr51/crtatmega128a.o

.note.gnu.build-id
 *(.note.gnu.build-id)

.debug
 *(.debug)

.line
 *(.line)

.debug_srcinfo
 *(.debug_srcinfo)

.debug_sfnames
 *(.debug_sfnames)

.debug_aranges  0x00000000      0x4a8
 *(.debug_aranges)
 .debug_aranges
                0x00000000       0x40 ap/apMain.o
 .debug_aranges
                0x00000040       0x40 ap/Listener/Listener.o
 .debug_aranges
                0x00000080       0x58 ap/Model/Model_Fan_Sound.o
 .debug_aranges
                0x000000d8       0x28 ap/Model/Model_fanMode.o
 .debug_aranges
                0x00000100       0x28 ap/Model/Model_fanTime.o
 .debug_aranges
                0x00000128       0x28 ap/Model/Model_fanTimerStart.o
 .debug_aranges
                0x00000150       0x28 ap/Model/Model_fanWind.o
 .debug_aranges
                0x00000178       0x28 ap/Presenter/Presenter.o
 .debug_aranges
                0x000001a0       0x28 ap/Service/Fan_auto.o
 .debug_aranges
                0x000001c8       0x20 ap/Service/Fan_mannual.o
 .debug_aranges
                0x000001e8       0x38 ap/Service/Fan_timer.o
 .debug_aranges
                0x00000220       0x20 ap/Service/Fan_UART0.o
 .debug_aranges
                0x00000240       0x28 driver/Button/button.o
 .debug_aranges
                0x00000268       0x38 driver/Buzzer/Buzzer.o
 .debug_aranges
                0x000002a0       0x48 driver/FND/fnd.o
 .debug_aranges
                0x000002e8       0x88 driver/LCD/LCD.o
 .debug_aranges
                0x00000370       0x40 driver/Motor/Motor.o
 .debug_aranges
                0x000003b0       0x20 main.o
 .debug_aranges
                0x000003d0       0x48 Peri/GPIO/GPIO.o
 .debug_aranges
                0x00000418       0x28 Peri/Timer/Timer.o
 .debug_aranges
                0x00000440       0x68 Peri/UART0/UART0.o

.debug_pubnames
 *(.debug_pubnames)

.debug_info     0x00000000     0x4180
 *(.debug_info .gnu.linkonce.wi.*)
 .debug_info    0x00000000      0x780 C:/Program Files (x86)/Atmel/Studio/7.0/Packs/atmel/ATmega_DFP/1.7.374/gcc/dev/atmega128a/avr51/crtatmega128a.o
 .debug_info    0x00000780      0x4dc ap/apMain.o
 .debug_info    0x00000c5c      0x715 ap/Listener/Listener.o
 .debug_info    0x00001371      0x82d ap/Model/Model_Fan_Sound.o
 .debug_info    0x00001b9e       0xc0 ap/Model/Model_fanMode.o
 .debug_info    0x00001c5e       0xc0 ap/Model/Model_fanTime.o
 .debug_info    0x00001d1e       0xc0 ap/Model/Model_fanTimerStart.o
 .debug_info    0x00001dde       0xc0 ap/Model/Model_fanWind.o
 .debug_info    0x00001e9e      0x28b ap/Presenter/Presenter.o
 .debug_info    0x00002129      0x28f ap/Service/Fan_auto.o
 .debug_info    0x000023b8      0x268 ap/Service/Fan_mannual.o
 .debug_info    0x00002620      0x297 ap/Service/Fan_timer.o
 .debug_info    0x000028b7      0x459 ap/Service/Fan_UART0.o
 .debug_info    0x00002d10      0x2b5 driver/Button/button.o
 .debug_info    0x00002fc5       0xe1 driver/Buzzer/Buzzer.o
 .debug_info    0x000030a6      0x2b6 driver/FND/fnd.o
 .debug_info    0x0000335c      0x728 driver/LCD/LCD.o
 .debug_info    0x00003a84      0x18e driver/Motor/Motor.o
 .debug_info    0x00003c12       0xb5 main.o
 .debug_info    0x00003cc7      0x20e Peri/GPIO/GPIO.o
 .debug_info    0x00003ed5       0x97 Peri/Timer/Timer.o
 .debug_info    0x00003f6c      0x214 Peri/UART0/UART0.o

.debug_abbrev   0x00000000     0x1bc0
 *(.debug_abbrev)
 .debug_abbrev  0x00000000      0x718 C:/Program Files (x86)/Atmel/Studio/7.0/Packs/atmel/ATmega_DFP/1.7.374/gcc/dev/atmega128a/avr51/crtatmega128a.o
 .debug_abbrev  0x00000718      0x179 ap/apMain.o
 .debug_abbrev  0x00000891      0x110 ap/Listener/Listener.o
 .debug_abbrev  0x000009a1      0x107 ap/Model/Model_Fan_Sound.o
 .debug_abbrev  0x00000aa8       0x8b ap/Model/Model_fanMode.o
 .debug_abbrev  0x00000b33       0x8b ap/Model/Model_fanTime.o
 .debug_abbrev  0x00000bbe       0x8b ap/Model/Model_fanTimerStart.o
 .debug_abbrev  0x00000c49       0x8b ap/Model/Model_fanWind.o
 .debug_abbrev  0x00000cd4      0x122 ap/Presenter/Presenter.o
 .debug_abbrev  0x00000df6      0x162 ap/Service/Fan_auto.o
 .debug_abbrev  0x00000f58      0x12a ap/Service/Fan_mannual.o
 .debug_abbrev  0x00001082      0x11b ap/Service/Fan_timer.o
 .debug_abbrev  0x0000119d      0x11b ap/Service/Fan_UART0.o
 .debug_abbrev  0x000012b8      0x18d driver/Button/button.o
 .debug_abbrev  0x00001445       0x78 driver/Buzzer/Buzzer.o
 .debug_abbrev  0x000014bd      0x16d driver/FND/fnd.o
 .debug_abbrev  0x0000162a      0x18b driver/LCD/LCD.o
 .debug_abbrev  0x000017b5      0x10f driver/Motor/Motor.o
 .debug_abbrev  0x000018c4       0x68 main.o
 .debug_abbrev  0x0000192c       0xed Peri/GPIO/GPIO.o
 .debug_abbrev  0x00001a19       0x4f Peri/Timer/Timer.o
 .debug_abbrev  0x00001a68      0x158 Peri/UART0/UART0.o

.debug_line     0x00000000     0x27ed
 *(.debug_line .debug_line.* .debug_line_end)
 .debug_line    0x00000000      0x16a C:/Program Files (x86)/Atmel/Studio/7.0/Packs/atmel/ATmega_DFP/1.7.374/gcc/dev/atmega128a/avr51/crtatmega128a.o
 .debug_line    0x0000016a      0x36b ap/apMain.o
 .debug_line    0x000004d5      0x30a ap/Listener/Listener.o
 .debug_line    0x000007df      0x3ae ap/Model/Model_Fan_Sound.o
 .debug_line    0x00000b8d       0xc5 ap/Model/Model_fanMode.o
 .debug_line    0x00000c52       0xc5 ap/Model/Model_fanTime.o
 .debug_line    0x00000d17       0xcb ap/Model/Model_fanTimerStart.o
 .debug_line    0x00000de2       0xc5 ap/Model/Model_fanWind.o
 .debug_line    0x00000ea7      0x1ce ap/Presenter/Presenter.o
 .debug_line    0x00001075      0x245 ap/Service/Fan_auto.o
 .debug_line    0x000012ba      0x1f0 ap/Service/Fan_mannual.o
 .debug_line    0x000014aa      0x26a ap/Service/Fan_timer.o
 .debug_line    0x00001714      0x247 ap/Service/Fan_UART0.o
 .debug_line    0x0000195b      0x1d8 driver/Button/button.o
 .debug_line    0x00001b33      0x119 driver/Buzzer/Buzzer.o
 .debug_line    0x00001c4c      0x237 driver/FND/fnd.o
 .debug_line    0x00001e83      0x34b driver/LCD/LCD.o
 .debug_line    0x000021ce      0x18d driver/Motor/Motor.o
 .debug_line    0x0000235b       0x5d main.o
 .debug_line    0x000023b8      0x151 Peri/GPIO/GPIO.o
 .debug_line    0x00002509       0xdd Peri/Timer/Timer.o
 .debug_line    0x000025e6      0x207 Peri/UART0/UART0.o

.debug_frame    0x00000000      0x8c8
 *(.debug_frame)
 .debug_frame   0x00000000      0x13c ap/apMain.o
 .debug_frame   0x0000013c       0x64 ap/Listener/Listener.o
 .debug_frame   0x000001a0       0xb8 ap/Model/Model_Fan_Sound.o
 .debug_frame   0x00000258       0x34 ap/Model/Model_fanMode.o
 .debug_frame   0x0000028c       0x34 ap/Model/Model_fanTime.o
 .debug_frame   0x000002c0       0x34 ap/Model/Model_fanTimerStart.o
 .debug_frame   0x000002f4       0x34 ap/Model/Model_fanWind.o
 .debug_frame   0x00000328       0x78 ap/Presenter/Presenter.o
 .debug_frame   0x000003a0       0x40 ap/Service/Fan_auto.o
 .debug_frame   0x000003e0       0x24 ap/Service/Fan_mannual.o
 .debug_frame   0x00000404       0x54 ap/Service/Fan_timer.o
 .debug_frame   0x00000458       0x30 ap/Service/Fan_UART0.o
 .debug_frame   0x00000488       0x40 driver/Button/button.o
 .debug_frame   0x000004c8       0x54 driver/Buzzer/Buzzer.o
 .debug_frame   0x0000051c       0x90 driver/FND/fnd.o
 .debug_frame   0x000005ac      0x124 driver/LCD/LCD.o
 .debug_frame   0x000006d0       0x64 driver/Motor/Motor.o
 .debug_frame   0x00000734       0x24 main.o
 .debug_frame   0x00000758       0x74 Peri/GPIO/GPIO.o
 .debug_frame   0x000007cc       0x34 Peri/Timer/Timer.o
 .debug_frame   0x00000800       0xc8 Peri/UART0/UART0.o

.debug_str      0x00000000      0xd24
 *(.debug_str)
 .debug_str     0x00000000      0x27d C:/Program Files (x86)/Atmel/Studio/7.0/Packs/atmel/ATmega_DFP/1.7.374/gcc/dev/atmega128a/avr51/crtatmega128a.o
 .debug_str     0x0000027d      0x36b ap/apMain.o
                                0x3a9 (size before relaxing)
 .debug_str     0x000005e8      0x13b ap/Listener/Listener.o
                                0x396 (size before relaxing)
 .debug_str     0x00000723       0xc4 ap/Model/Model_Fan_Sound.o
                                0x252 (size before relaxing)
 .debug_str     0x000007e7       0x1c ap/Model/Model_fanMode.o
                                0x18f (size before relaxing)
 .debug_str     0x00000803       0x1c ap/Model/Model_fanTime.o
                                0x18f (size before relaxing)
 .debug_str     0x0000081f       0x30 ap/Model/Model_fanTimerStart.o
                                0x1a9 (size before relaxing)
 .debug_str     0x0000084f       0x1c ap/Model/Model_fanWind.o
                                0x18f (size before relaxing)
 .debug_str     0x0000086b       0xc3 ap/Presenter/Presenter.o
                                0x250 (size before relaxing)
 .debug_str     0x0000092e       0x5c ap/Service/Fan_auto.o
                                0x260 (size before relaxing)
 .debug_str     0x0000098a       0x1c ap/Service/Fan_mannual.o
                                0x236 (size before relaxing)
 .debug_str     0x000009a6       0x2e ap/Service/Fan_timer.o
                                0x279 (size before relaxing)
 .debug_str     0x000009d4       0x72 ap/Service/Fan_UART0.o
                                0x28c (size before relaxing)
 .debug_str     0x00000a46       0x4a driver/Button/button.o
                                0x248 (size before relaxing)
 .debug_str     0x00000a90       0x20 driver/Buzzer/Buzzer.o
                                0x1a9 (size before relaxing)
 .debug_str     0x00000ab0       0x52 driver/FND/fnd.o
                                0x239 (size before relaxing)
 .debug_str     0x00000b02      0x121 driver/LCD/LCD.o
                                0x2ec (size before relaxing)
 .debug_str     0x00000c23       0x27 driver/Motor/Motor.o
                                0x1ea (size before relaxing)
 .debug_str     0x00000c4a       0x11 main.o
                                0x169 (size before relaxing)
 .debug_str     0x00000c5b       0x27 Peri/GPIO/GPIO.o
                                0x1eb (size before relaxing)
 .debug_str     0x00000c82       0x16 Peri/Timer/Timer.o
                                0x172 (size before relaxing)
 .debug_str     0x00000c98       0x8c Peri/UART0/UART0.o
                                0x233 (size before relaxing)

.debug_loc      0x00000000     0x17ba
 *(.debug_loc)
 .debug_loc     0x00000000      0x261 ap/apMain.o
 .debug_loc     0x00000261      0x147 ap/Listener/Listener.o
 .debug_loc     0x000003a8      0x59d ap/Model/Model_Fan_Sound.o
 .debug_loc     0x00000945      0x222 ap/Presenter/Presenter.o
 .debug_loc     0x00000b67       0x88 ap/Service/Fan_auto.o
 .debug_loc     0x00000bef      0x11f ap/Service/Fan_mannual.o
 .debug_loc     0x00000d0e       0x29 ap/Service/Fan_timer.o
 .debug_loc     0x00000d37       0xcd ap/Service/Fan_UART0.o
 .debug_loc     0x00000e04      0x1dd driver/Button/button.o
 .debug_loc     0x00000fe1       0x36 driver/Buzzer/Buzzer.o
 .debug_loc     0x00001017      0x1af driver/FND/fnd.o
 .debug_loc     0x000011c6      0x437 driver/LCD/LCD.o
 .debug_loc     0x000015fd       0x74 driver/Motor/Motor.o
 .debug_loc     0x00001671       0x88 Peri/GPIO/GPIO.o
 .debug_loc     0x000016f9       0xc1 Peri/UART0/UART0.o

.debug_macinfo
 *(.debug_macinfo)

.debug_weaknames
 *(.debug_weaknames)

.debug_funcnames
 *(.debug_funcnames)

.debug_typenames
 *(.debug_typenames)

.debug_varnames
 *(.debug_varnames)

.debug_pubtypes
 *(.debug_pubtypes)

.debug_ranges   0x00000000      0x358
 *(.debug_ranges)
 .debug_ranges  0x00000000       0x30 ap/apMain.o
 .debug_ranges  0x00000030       0x30 ap/Listener/Listener.o
 .debug_ranges  0x00000060       0x48 ap/Model/Model_Fan_Sound.o
 .debug_ranges  0x000000a8       0x18 ap/Model/Model_fanMode.o
 .debug_ranges  0x000000c0       0x18 ap/Model/Model_fanTime.o
 .debug_ranges  0x000000d8       0x18 ap/Model/Model_fanTimerStart.o
 .debug_ranges  0x000000f0       0x18 ap/Model/Model_fanWind.o
 .debug_ranges  0x00000108       0x18 ap/Presenter/Presenter.o
 .debug_ranges  0x00000120       0x18 ap/Service/Fan_auto.o
 .debug_ranges  0x00000138       0x10 ap/Service/Fan_mannual.o
 .debug_ranges  0x00000148       0x28 ap/Service/Fan_timer.o
 .debug_ranges  0x00000170       0x10 ap/Service/Fan_UART0.o
 .debug_ranges  0x00000180       0x18 driver/Button/button.o
 .debug_ranges  0x00000198       0x28 driver/Buzzer/Buzzer.o
 .debug_ranges  0x000001c0       0x38 driver/FND/fnd.o
 .debug_ranges  0x000001f8       0x78 driver/LCD/LCD.o
 .debug_ranges  0x00000270       0x30 driver/Motor/Motor.o
 .debug_ranges  0x000002a0       0x10 main.o
 .debug_ranges  0x000002b0       0x38 Peri/GPIO/GPIO.o
 .debug_ranges  0x000002e8       0x18 Peri/Timer/Timer.o
 .debug_ranges  0x00000300       0x58 Peri/UART0/UART0.o

.debug_macro
 *(.debug_macro)
OUTPUT(MiniFan.elf elf32-avr)
LOAD linker stubs
